// Jest Snapshot v1, https://goo.gl/fbAQLP

exports[`<TextField /> when component input it is not valid should display a feedback message at bottom 1`] = `
.c0 {
  font-size: 16px;
  font-weight: 400;
  line-height: 1.25;
}

.c1 {
  width: 100%;
  border: 1px solid #88989E;
  padding: 12px 16px;
  outline: 0;
  border-radius: 12px;
  border-color: #dc3545;
}

.c1 + span {
  color: #dc3545;
  font-size: 11px;
}

<input
  class="c0 c1"
  name="testname"
  placeholder="test placeholder"
  role="textbox"
  type="text"
  value="test@value"
/>
`;
